// Jest Snapshot v1, https://goo.gl/fbAQLP

exports[`<OperationLayout /> should render correctly 1`] = `
<DocumentFragment>
  <div
    class="chakra-stack css-16oka5y"
  >
    <h2
      class="chakra-heading css-llrpa2"
      data-testid="base-container-heading"
    >
      Operations
    </h2>
    <div
      class="css-vrk9k9"
      data-testid="base-container-children"
    >
      <div
        class="css-f3f3xv"
      >
        <div
          class="css-1rtxhmh"
        >
          <div
            class="chakra-stack css-n21gh5"
          >
            <span
              data-testid="left-content"
            />
          </div>
          <div
            class="chakra-stack css-eunu1i"
          >
            <span
              data-testid="right-content"
            />
          </div>
        </div>
        <div
          class="css-3gu2fl"
        >
          <div
            class="chakra-stack css-1amf41o"
          >
            <button
              class="chakra-button css-hg6n4b"
              data-testid="cancel-btn"
              type="button"
            >
              Go back
            </button>
            <button
              class="chakra-button css-l6yrnw"
              data-testid="confirm-btn"
              type="button"
            >
              Accept
            </button>
          </div>
        </div>
      </div>
    </div>
  </div>
  <span
    hidden=""
    id="__chakra_env"
  />
</DocumentFragment>
`;
